src/components/blocks/editor-00/editor.tsx(11,23): error TS5097: An import path can only end with a '.ts' extension when 'allowImportingTsExtensions' is enabled.
src/components/buying/purchase-quotation/PurchaseQuotationCreateForm.tsx(36,44): error TS2307: Cannot find module '@/types/purchaseQuotation' or its corresponding type declarations.
src/components/buying/purchase-quotation/PurchaseQuotationEmbeddedMain.tsx(43,7): error TS2722: Cannot invoke an object which is possibly 'undefined'.
src/components/buying/purchase-quotation/data-table/columns.tsx(8,54): error TS2307: Cannot find module '@/constants/purchaseQuotation.filter-attributes' or its corresponding type declarations.
src/components/buying/purchase-quotation/form/PurchaseQuotationControlSection.tsx(3,10): error TS2305: Module '"@/types"' has no exported member 'BankAccount'.
src/components/buying/purchase-quotation/form/PurchaseQuotationControlSection.tsx(31,54): error TS2307: Cannot find module '@/constants/purchaseQuotation.lifecycle' or its corresponding type declarations.
src/components/buying/purchase-quotation/form/PurchaseQuotationExtraOptions.tsx(81,13): error TS2322: Type '{ placeholder: string; className: string; value: string; onChange: (e: ChangeEvent<HTMLTextAreaElement>) => void; isPending: boolean | undefined; rows: number; }' is not assignable to type 'IntrinsicAttributes & Omit<DetailedHTMLProps<TextareaHTMLAttributes<HTMLTextAreaElement>, HTMLTextAreaElement>, "ref"> & RefAttributes<...>'.
  Property 'isPending' does not exist on type 'IntrinsicAttributes & Omit<DetailedHTMLProps<TextareaHTMLAttributes<HTMLTextAreaElement>, HTMLTextAreaElement>, "ref"> & RefAttributes<...>'.
src/components/buying/purchase-quotation/form/PurchaseQuotationFinancialInformation.tsx(52,38): error TS2322: Type '{ children: (string | undefined)[]; className: string; isPending: boolean; }' is not assignable to type 'IntrinsicAttributes & Omit<LabelProps & RefAttributes<HTMLLabelElement>, "ref"> & VariantProps<(props?: ClassProp | undefined) => string> & RefAttributes<...>'.
  Property 'isPending' does not exist on type 'IntrinsicAttributes & Omit<LabelProps & RefAttributes<HTMLLabelElement>, "ref"> & VariantProps<(props?: ClassProp | undefined) => string> & RefAttributes<...>'.
src/components/buying/purchase-quotation/form/PurchaseQuotationFinancialInformation.tsx(61,42): error TS2322: Type '{ children: string[]; className: string; isPending: boolean; }' is not assignable to type 'IntrinsicAttributes & Omit<LabelProps & RefAttributes<HTMLLabelElement>, "ref"> & VariantProps<(props?: ClassProp | undefined) => string> & RefAttributes<...>'.
  Property 'isPending' does not exist on type 'IntrinsicAttributes & Omit<LabelProps & RefAttributes<HTMLLabelElement>, "ref"> & VariantProps<(props?: ClassProp | undefined) => string> & RefAttributes<...>'.
src/components/buying/purchase-quotation/form/PurchaseQuotationFinancialInformation.tsx(103,42): error TS2322: Type '{ children: (string | Element)[]; className: string; isPending: boolean; }' is not assignable to type 'IntrinsicAttributes & Omit<LabelProps & RefAttributes<HTMLLabelElement>, "ref"> & VariantProps<(props?: ClassProp | undefined) => string> & RefAttributes<...>'.
  Property 'isPending' does not exist on type 'IntrinsicAttributes & Omit<LabelProps & RefAttributes<HTMLLabelElement>, "ref"> & VariantProps<(props?: ClassProp | undefined) => string> & RefAttributes<...>'.
src/components/buying/purchase-quotation/form/PurchaseQuotationFinancialInformation.tsx(116,38): error TS2322: Type '{ children: string[]; className: string; isPending: boolean; }' is not assignable to type 'IntrinsicAttributes & Omit<LabelProps & RefAttributes<HTMLLabelElement>, "ref"> & VariantProps<(props?: ClassProp | undefined) => string> & RefAttributes<...>'.
  Property 'isPending' does not exist on type 'IntrinsicAttributes & Omit<LabelProps & RefAttributes<HTMLLabelElement>, "ref"> & VariantProps<(props?: ClassProp | undefined) => string> & RefAttributes<...>'.
src/components/contacts/firm/FirmCreateForm.tsx(133,13): error TS2322: Type 'Currency[]' is not assignable to type 'ResponseCurrencyDto[]'.
